measuring graph size (HydraDB full scan — this is slow on purpose)…
  hydradb: 27076 packages, 91544 edges (11957ms)
  sidecar: 27076 packages, 91544 edges (17.38ms)
  tslib                    depth 1:    892 reached | hydra     21.2ms | sqlite       2.2ms
  tslib                    depth 2:   1613 reached | hydra    142.4ms | sqlite      17.4ms
  tslib                    depth 3:   2228 reached | hydra    327.1ms | sqlite      33.2ms
  tslib                    depth 4:   2389 reached | hydra    592.2ms | sqlite      50.1ms
  tslib                    depth 5:   2438 reached | hydra    623.3ms | sqlite      64.3ms
  chalk                    depth 1:    827 reached | hydra      8.2ms | sqlite       4.9ms
  chalk                    depth 2:   1505 reached | hydra    130.9ms | sqlite      17.2ms
  chalk                    depth 3:   1765 reached | hydra    242.9ms | sqlite      27.5ms
  chalk                    depth 4:   1871 reached | hydra    336.3ms | sqlite      49.7ms
  chalk                    depth 5:   1956 reached | hydra    393.3ms | sqlite      39.7ms
  lodash                   depth 1:    783 reached | hydra     18.7ms | sqlite       3.9ms
  lodash                   depth 2:   1441 reached | hydra    112.5ms | sqlite      15.2ms
  lodash                   depth 3:   1611 reached | hydra    226.0ms | sqlite      21.8ms
  lodash                   depth 4:   1637 reached | hydra    347.8ms | sqlite      35.2ms
  lodash                   depth 5:   1643 reached | hydra    399.3ms | sqlite      44.9ms
transport baseline (single-vertex lookup): 2.9ms
measuring the full /api/blast path (d+1 queries in parallel)…
  tslib                       876.3ms for 2438 exposed
  chalk                       536.1ms for 1956 exposed
  lodash                      495.6ms for 1643 exposed

wrote BENCHMARKS.md
both engines agree on every row.
